// Jest Snapshot v1, https://goo.gl/fbAQLP

exports[`SelectedMoveList renders SelectedMoveList 1`] = `
<div>
  <ul
    class="SelectedMoveList__SelectedMoveListStyled-sc-1qgftrm-0 jppKBK"
  >
    <li>
      <button>
        <span>
          <svg>
            youtube-grey.svg
          </svg>
        </span>
        la prima
      </button>
    </li>
    <li>
      <button>
        <span>
          <svg>
            youtube-grey.svg
          </svg>
        </span>
        sombrero
      </button>
    </li>
  </ul>
</div>
`;
