// Jest Snapshot v1, https://goo.gl/fbAQLP

exports[`Button renders button correctly 1`] = `
<div>
  <button
    class="Button__ButtonStyled-cboko-0 gFWfyW"
    color="var(--color-primary)"
    data-testid="button"
  >
    SAVE
  </button>
</div>
`;
